// Jest Snapshot v1, https://goo.gl/fbAQLP

exports[`Default Button renders correctly 1`] = `
<button
  className="sc-bdvvtL hNKPDz"
>
  Default Button
</button>
`;
